gcc -g p3final.c
 ./a.out
enter number:
9
9 is a composite number
 gdb a.out
GNU gdb (Ubuntu 8.1.1-0ubuntu1) 8.1.1
Copyright (C) 2018 Free Software Foundation, Inc.
License GPLv3+: GNU GPL version 3 or later <http://gnu.org/licenses/gpl.html>
This is free software: you are free to change and redistribute it.
There is NO WARRANTY, to the extent permitted by law.  Type "show copying"
and "show warranty" for details.
This GDB was configured as "x86_64-linux-gnu".
Type "show configuration" for configuration details.
For bug reporting instructions, please see:
<http://www.gnu.org/software/gdb/bugs/>.
Find the GDB manual and other documentation resources online at:
<http://www.gnu.org/software/gdb/documentation/>.
For help, type "help".
Type "apropos word" to search for commands related to "word"...
Reading symbols from a.out...done.
(gdb) b main
Breakpoint 1 at 0x852: file p3final.c, line 39.
(gdb) r
Starting program: /home/runner/IA2-Test1-Session2/a.out 
warning: Error disabling address space randomization: Operation not permitted

Breakpoint 1, main () at p3final.c:39
39    n=input_number();
(gdb) s
input_number () at p3final.c:3
3   {
(gdb) n
5    printf("enter number:\n");
(gdb) n
enter number:
6    scanf("%d",&n);
(gdb) n
7  
7    return n;
(gdb) 
8   }
(gdb) n
main () at p3final.c:40
40    composite=is_composite(n);
(gdb) s
is_composite (n=7) at p3final.c:12
12    for(int i=2;i<n/2;i++)
(gdb) n
14      if(n%i==0)
(gdb) p i
$1 = 2
(gdb) p n%i
$2 = 1
(gdb) n
20       composite=2;
(gdb) n
12    for(int i=2;i<n/2;i++)
(gdb) n
23    return composite;
(gdb) p composite
$3 = 2
(gdb) n
24  }
(gdb) n
main () at p3final.c:41
41    output(n,composite);
(gdb) s
output (n=7, composite=2) at p3final.c:27
27    if(composite==1)
(gdb) n
33      printf("%d is a prime number\n",n);
(gdb) n
7 is a prime number
35  }
(gdb) n
main () at p3final.c:42
42    return 0;
(gdb) n
43  }
(gdb) 